// Jest Snapshot v1, https://goo.gl/fbAQLP

exports[`renders correctly 1`] = `
<div
  className="MuiAvatar-root MuiAvatar-circle avatar"
>
  <img
    alt="ADT"
    className="MuiAvatar-img"
    src="photo"
  />
</div>
`;
